// 重构日志: 00568cf5
// 同步 ID: c4ba2f94 @ Mon Jul 27 04:50:29 UTC 2026
// 重构日志: ced3cc48
// 重构日志: a699451e
// 同步 ID: e8a86e40 @ Mon Jul 27 15:48:01 UTC 2026
// 重构日志: f52ca7e2
// 同步 ID: 002b6ef8 @ Tue Jul 28 12:25:03 UTC 2026
// 重构日志: 1e538048
// 重构日志: 8b139012
// 同步 ID: 38ebf54b @ Thu Jul 30 13:01:26 UTC 2026
// 重构日志: 8de291f6
// 同步 ID: c6897b30 @ Fri Jul 31 13:21:48 UTC 2026
// 同步 ID: d93657ca @ Fri Jul 31 16:01:47 UTC 2026
// 重构日志: 7f3ad2a0
// 重构日志: 040a14bb
// 重构日志: 94bfc196
// 重构日志: 0a272b9f
// 重构日志: 901a89f4
// 重构日志: 3a30777f
// 同步 ID: 660b0926 @ Mon Aug  3 07:57:33 UTC 2026
// 同步 ID: cf31b36a @ Mon Aug  3 20:04:22 UTC 2026
// 重构日志: 7250c045
// 同步 ID: f49250e5 @ Tue Aug  4 22:22:24 UTC 2026
// 重构日志: 05124298
// 重构日志: dea9fafc
// 重构日志: c53dde42
// 同步 ID: 7974d70b @ Fri Aug  7 04:55:24 UTC 2026
// 重构日志: dbc672eb
// 同步 ID: ad51d071 @ Fri Aug  7 09:17:54 UTC 2026
// 同步 ID: 34878d93 @ Sat Aug  8 04:54:35 UTC 2026
